Archive member included to satisfy reference by file (symbol)

c:/program files/microchip/xc8/v2.31/avr/bin/../lib/gcc/avr/5.4.0/avrxmega4/memx-const\libgcc.a(_exit.o)
                              C:/Program Files/Microchip/MPLABX/v5.45/packs/Microchip/AVR-Dx_DFP/1.6.88/xc8/avr/lib/avrxmega4/memx-const/crtavr128db48.o (exit)
c:/program files/microchip/xc8/v2.31/avr/bin/../lib/gcc/avr/5.4.0/avrxmega4/memx-const\libgcc.a(_copy_data.o)
                              build/default/production/mcc_generated_files/device_config.o (__do_copy_data)

Discarded input sections

 .data          0x0000000000000000        0x0 C:/Program Files/Microchip/MPLABX/v5.45/packs/Microchip/AVR-Dx_DFP/1.6.88/xc8/avr/lib/avrxmega4/memx-const/crtavr128db48.o
 .bss           0x0000000000000000        0x0 C:/Program Files/Microchip/MPLABX/v5.45/packs/Microchip/AVR-Dx_DFP/1.6.88/xc8/avr/lib/avrxmega4/memx-const/crtavr128db48.o
 .text          0x0000000000000000        0x0 build/default/production/mcc_generated_files/src/vref.o
 .data          0x0000000000000000        0x0 build/default/production/mcc_generated_files/src/vref.o
 .bss           0x0000000000000000        0x0 build/default/production/mcc_generated_files/src/vref.o
 .text          0x0000000000000000        0x0 build/default/production/mcc_generated_files/src/cpuint.o
 .data          0x0000000000000000        0x0 build/default/production/mcc_generated_files/src/cpuint.o
 .bss           0x0000000000000000        0x0 build/default/production/mcc_generated_files/src/cpuint.o
 .text          0x0000000000000000        0x0 build/default/production/mcc_generated_files/src/protected_io.o
 .data          0x0000000000000000        0x0 build/default/production/mcc_generated_files/src/protected_io.o
 .bss           0x0000000000000000        0x0 build/default/production/mcc_generated_files/src/protected_io.o
 .text          0x0000000000000000        0x0 build/default/production/mcc_generated_files/src/ac0.o
 .data          0x0000000000000000        0x0 build/default/production/mcc_generated_files/src/ac0.o
 .bss           0x0000000000000000        0x0 build/default/production/mcc_generated_files/src/ac0.o
 .text          0x0000000000000000        0x0 build/default/production/mcc_generated_files/src/pin_manager.o
 .data          0x0000000000000000        0x0 build/default/production/mcc_generated_files/src/pin_manager.o
 .bss           0x0000000000000000        0x0 build/default/production/mcc_generated_files/src/pin_manager.o
 .text.PORTD_PD5_DefaultInterruptHandler
                0x0000000000000000        0x2 build/default/production/mcc_generated_files/src/pin_manager.o
 .text.PORTD_PD4_DefaultInterruptHandler
                0x0000000000000000        0x2 build/default/production/mcc_generated_files/src/pin_manager.o
 .text.PORTA_IO_PA3_DefaultInterruptHandler
                0x0000000000000000        0x2 build/default/production/mcc_generated_files/src/pin_manager.o
 .text.PORTA_PA7_DefaultInterruptHandler
                0x0000000000000000        0x2 build/default/production/mcc_generated_files/src/pin_manager.o
 .text.PORTF_PF0_DefaultInterruptHandler
                0x0000000000000000        0x2 build/default/production/mcc_generated_files/src/pin_manager.o
 .text.PORTE_PE2_DefaultInterruptHandler
                0x0000000000000000        0x2 build/default/production/mcc_generated_files/src/pin_manager.o
 .text.PORTD_PD5_SetInterruptHandler
                0x0000000000000000        0x2 build/default/production/mcc_generated_files/src/pin_manager.o
 .text.PORTD_PD4_SetInterruptHandler
                0x0000000000000000        0x2 build/default/production/mcc_generated_files/src/pin_manager.o
 .text.PORTA_IO_PA3_SetInterruptHandler
                0x0000000000000000        0x2 build/default/production/mcc_generated_files/src/pin_manager.o
 .text.PORTA_PA7_SetInterruptHandler
                0x0000000000000000        0x2 build/default/production/mcc_generated_files/src/pin_manager.o
 .text.PORTF_PF0_SetInterruptHandler
                0x0000000000000000        0x2 build/default/production/mcc_generated_files/src/pin_manager.o
 .text.PORTE_PE2_SetInterruptHandler
                0x0000000000000000        0x2 build/default/production/mcc_generated_files/src/pin_manager.o
 .text          0x0000000000000000        0x0 build/default/production/mcc_generated_files/src/tcd0.o
 .data          0x0000000000000000        0x0 build/default/production/mcc_generated_files/src/tcd0.o
 .bss           0x0000000000000000        0x0 build/default/production/mcc_generated_files/src/tcd0.o
 .text.TCD0_SetTRIGIsrCallback
                0x0000000000000000        0xa build/default/production/mcc_generated_files/src/tcd0.o
 .text.TCD0_SetOVFIsrCallback
                0x0000000000000000        0xa build/default/production/mcc_generated_files/src/tcd0.o
 .text          0x0000000000000000        0x0 build/default/production/mcc_generated_files/src/opamp.o
 .data          0x0000000000000000        0x0 build/default/production/mcc_generated_files/src/opamp.o
 .bss           0x0000000000000000        0x0 build/default/production/mcc_generated_files/src/opamp.o
 .text.OPAMP_SetOP1PositiveInMux
                0x0000000000000000        0xe build/default/production/mcc_generated_files/src/opamp.o
 .text.OPAMP_SetOP1WiperResMux
                0x0000000000000000        0xe build/default/production/mcc_generated_files/src/opamp.o
 .text.OPAMP_SetOP1SettleTime
                0x0000000000000000        0xc build/default/production/mcc_generated_files/src/opamp.o
 .text.OPAMP_IsOP1Settled
                0x0000000000000000        0xe build/default/production/mcc_generated_files/src/opamp.o
 .text.OPAMP_SetOP1OffsetCalibration
                0x0000000000000000        0x6 build/default/production/mcc_generated_files/src/opamp.o
 .text.OPAMP_SetOP2PositiveInMux
                0x0000000000000000        0xe build/default/production/mcc_generated_files/src/opamp.o
 .text.OPAMP_SetOP2WiperResMux
                0x0000000000000000        0xe build/default/production/mcc_generated_files/src/opamp.o
 .text.OPAMP_SetOP2SettleTime
                0x0000000000000000        0xc build/default/production/mcc_generated_files/src/opamp.o
 .text.OPAMP_IsOP2Settled
                0x0000000000000000        0xe build/default/production/mcc_generated_files/src/opamp.o
 .text.OPAMP_SetOP2OffsetCalibration
                0x0000000000000000        0x6 build/default/production/mcc_generated_files/src/opamp.o
 .text          0x0000000000000000        0x0 build/default/production/mcc_generated_files/device_config.o
 .data          0x0000000000000000        0x0 build/default/production/mcc_generated_files/device_config.o
 .bss           0x0000000000000000        0x0 build/default/production/mcc_generated_files/device_config.o
 .text          0x0000000000000000        0x0 build/default/production/mcc_generated_files/mcc.o
 .data          0x0000000000000000        0x0 build/default/production/mcc_generated_files/mcc.o
 .bss           0x0000000000000000        0x0 build/default/production/mcc_generated_files/mcc.o
 .text          0x0000000000000000        0x0 build/default/production/main.o
 .data          0x0000000000000000        0x0 build/default/production/main.o
 .bss           0x0000000000000000        0x0 build/default/production/main.o
 .text          0x0000000000000000        0x0 c:/program files/microchip/xc8/v2.31/avr/bin/../lib/gcc/avr/5.4.0/avrxmega4/memx-const\libgcc.a(_exit.o)
 .data          0x0000000000000000        0x0 c:/program files/microchip/xc8/v2.31/avr/bin/../lib/gcc/avr/5.4.0/avrxmega4/memx-const\libgcc.a(_exit.o)
 .bss           0x0000000000000000        0x0 c:/program files/microchip/xc8/v2.31/avr/bin/../lib/gcc/avr/5.4.0/avrxmega4/memx-const\libgcc.a(_exit.o)
 .text.libgcc.mul
                0x0000000000000000        0x0 c:/program files/microchip/xc8/v2.31/avr/bin/../lib/gcc/avr/5.4.0/avrxmega4/memx-const\libgcc.a(_exit.o)
 .text.libgcc.div
                0x0000000000000000        0x0 c:/program files/microchip/xc8/v2.31/avr/bin/../lib/gcc/avr/5.4.0/avrxmega4/memx-const\libgcc.a(_exit.o)
 .text.libgcc   0x0000000000000000        0x0 c:/program files/microchip/xc8/v2.31/avr/bin/../lib/gcc/avr/5.4.0/avrxmega4/memx-const\libgcc.a(_exit.o)
 .text.libgcc.prologue
                0x0000000000000000        0x0 c:/program files/microchip/xc8/v2.31/avr/bin/../lib/gcc/avr/5.4.0/avrxmega4/memx-const\libgcc.a(_exit.o)
 .text.libgcc.builtins
                0x0000000000000000        0x0 c:/program files/microchip/xc8/v2.31/avr/bin/../lib/gcc/avr/5.4.0/avrxmega4/memx-const\libgcc.a(_exit.o)
 .text.libgcc.fmul
                0x0000000000000000        0x0 c:/program files/microchip/xc8/v2.31/avr/bin/../lib/gcc/avr/5.4.0/avrxmega4/memx-const\libgcc.a(_exit.o)
 .text.libgcc.fixed
                0x0000000000000000        0x0 c:/program files/microchip/xc8/v2.31/avr/bin/../lib/gcc/avr/5.4.0/avrxmega4/memx-const\libgcc.a(_exit.o)
 .text          0x0000000000000000        0x0 c:/program files/microchip/xc8/v2.31/avr/bin/../lib/gcc/avr/5.4.0/avrxmega4/memx-const\libgcc.a(_copy_data.o)
 .data          0x0000000000000000        0x0 c:/program files/microchip/xc8/v2.31/avr/bin/../lib/gcc/avr/5.4.0/avrxmega4/memx-const\libgcc.a(_copy_data.o)
 .bss           0x0000000000000000        0x0 c:/program files/microchip/xc8/v2.31/avr/bin/../lib/gcc/avr/5.4.0/avrxmega4/memx-const\libgcc.a(_copy_data.o)
 .text.libgcc.mul
                0x0000000000000000        0x0 c:/program files/microchip/xc8/v2.31/avr/bin/../lib/gcc/avr/5.4.0/avrxmega4/memx-const\libgcc.a(_copy_data.o)
 .text.libgcc.div
                0x0000000000000000        0x0 c:/program files/microchip/xc8/v2.31/avr/bin/../lib/gcc/avr/5.4.0/avrxmega4/memx-const\libgcc.a(_copy_data.o)
 .text.libgcc   0x0000000000000000        0x0 c:/program files/microchip/xc8/v2.31/avr/bin/../lib/gcc/avr/5.4.0/avrxmega4/memx-const\libgcc.a(_copy_data.o)
 .text.libgcc.prologue
                0x0000000000000000        0x0 c:/program files/microchip/xc8/v2.31/avr/bin/../lib/gcc/avr/5.4.0/avrxmega4/memx-const\libgcc.a(_copy_data.o)
 .text.libgcc.builtins
                0x0000000000000000        0x0 c:/program files/microchip/xc8/v2.31/avr/bin/../lib/gcc/avr/5.4.0/avrxmega4/memx-const\libgcc.a(_copy_data.o)
 .text.libgcc.fmul
                0x0000000000000000        0x0 c:/program files/microchip/xc8/v2.31/avr/bin/../lib/gcc/avr/5.4.0/avrxmega4/memx-const\libgcc.a(_copy_data.o)
 .text.libgcc.fixed
                0x0000000000000000        0x0 c:/program files/microchip/xc8/v2.31/avr/bin/../lib/gcc/avr/5.4.0/avrxmega4/memx-const\libgcc.a(_copy_data.o)

Memory Configuration

Name             Origin             Length             Attributes
text             0x0000000000000000 0x0000000000020000 xr
data             0x0000000000804000 0x0000000000004000 rw !x
eeprom           0x0000000000810000 0x0000000000000200 rw !x
fuse             0x0000000000820000 0x0000000000000010 rw !x
lock             0x0000000000830000 0x0000000000000400 rw !x
signature        0x0000000000840000 0x0000000000000400 rw !x
user_signatures  0x0000000000850000 0x0000000000000400 rw !x
*default*        0x0000000000000000 0xffffffffffffffff

Linker script and memory map

Address of section .data set to 0x804000
                0x0000000000008000                __RODATA_PM_OFFSET__ = 0x8000
LOAD C:/Program Files/Microchip/MPLABX/v5.45/packs/Microchip/AVR-Dx_DFP/1.6.88/xc8/avr/lib/avrxmega4/memx-const/crtavr128db48.o
                0x0000000000000001                __MPLAB_BUILD = 0x1
LOAD build/default/production/mcc_generated_files/src/vref.o
LOAD build/default/production/mcc_generated_files/src/cpuint.o
LOAD build/default/production/mcc_generated_files/src/protected_io.o
LOAD build/default/production/mcc_generated_files/src/ac0.o
LOAD build/default/production/mcc_generated_files/src/pin_manager.o
LOAD build/default/production/mcc_generated_files/src/tcd0.o
LOAD build/default/production/mcc_generated_files/src/opamp.o
LOAD build/default/production/mcc_generated_files/device_config.o
LOAD build/default/production/mcc_generated_files/mcc.o
LOAD build/default/production/main.o
START GROUP
LOAD c:/program files/microchip/xc8/v2.31/avr/bin/../lib/gcc/avr/5.4.0/../../../../avr/lib/avrxmega4/memx-const\libm.a
END GROUP
START GROUP
LOAD c:/program files/microchip/xc8/v2.31/avr/bin/../lib/gcc/avr/5.4.0/avrxmega4/memx-const\libgcc.a
LOAD c:/program files/microchip/xc8/v2.31/avr/bin/../lib/gcc/avr/5.4.0/../../../../avr/lib/avrxmega4/memx-const\libm.a
LOAD c:/program files/microchip/xc8/v2.31/avr/bin/../lib/gcc/avr/5.4.0/../../../../avr/lib/avrxmega4/memx-const\libc.a
LOAD C:/Program Files/Microchip/MPLABX/v5.45/packs/Microchip/AVR-Dx_DFP/1.6.88/xc8/avr/lib/avrxmega4/memx-const\libavr128db48.a
END GROUP
                [0x0000000000000000]                __TEXT_REGION_ORIGIN__ = DEFINED (__TEXT_REGION_ORIGIN__)?__TEXT_REGION_ORIGIN__:0x0
                [0x0000000000804000]                __DATA_REGION_ORIGIN__ = DEFINED (__DATA_REGION_ORIGIN__)?__DATA_REGION_ORIGIN__:0x802000
                [0x0000000000020000]                __TEXT_REGION_LENGTH__ = DEFINED (__TEXT_REGION_LENGTH__)?__TEXT_REGION_LENGTH__:0x100000
                [0x0000000000004000]                __DATA_REGION_LENGTH__ = DEFINED (__DATA_REGION_LENGTH__)?__DATA_REGION_LENGTH__:0xffa0
                [0x0000000000000200]                __EEPROM_REGION_LENGTH__ = DEFINED (__EEPROM_REGION_LENGTH__)?__EEPROM_REGION_LENGTH__:0x10000
                [0x0000000000000010]                __FUSE_REGION_LENGTH__ = DEFINED (__FUSE_REGION_LENGTH__)?__FUSE_REGION_LENGTH__:0x400
                0x0000000000000400                __LOCK_REGION_LENGTH__ = DEFINED (__LOCK_REGION_LENGTH__)?__LOCK_REGION_LENGTH__:0x400
                0x0000000000000400                __SIGNATURE_REGION_LENGTH__ = DEFINED (__SIGNATURE_REGION_LENGTH__)?__SIGNATURE_REGION_LENGTH__:0x400
                0x0000000000000400                __USER_SIGNATURE_REGION_LENGTH__ = DEFINED (__USER_SIGNATURE_REGION_LENGTH__)?__USER_SIGNATURE_REGION_LENGTH__:0x400

.hash
 *(.hash)

.dynsym
 *(.dynsym)

.dynstr
 *(.dynstr)

.gnu.version
 *(.gnu.version)

.gnu.version_d
 *(.gnu.version_d)

.gnu.version_r
 *(.gnu.version_r)

.rel.init
 *(.rel.init)

.rela.init
 *(.rela.init)

.rel.text
 *(.rel.text)
 *(.rel.text.*)
 *(.rel.gnu.linkonce.t*)

.rela.text
 *(.rela.text)
 *(.rela.text.*)
 *(.rela.gnu.linkonce.t*)

.rel.fini
 *(.rel.fini)

.rela.fini
 *(.rela.fini)

.rel.rodata
 *(.rel.rodata)
 *(.rel.rodata.*)
 *(.rel.gnu.linkonce.r*)

.rela.rodata
 *(.rela.rodata)
 *(.rela.rodata.*)
 *(.rela.gnu.linkonce.r*)

.rel.data
 *(.rel.data)
 *(.rel.data.*)
 *(.rel.gnu.linkonce.d*)

.rela.data
 *(.rela.data)
 *(.rela.data.*)
 *(.rela.gnu.linkonce.d*)

.rel.ctors
 *(.rel.ctors)

.rela.ctors
 *(.rela.ctors)

.rel.dtors
 *(.rel.dtors)

.rela.dtors
 *(.rela.dtors)

.rel.got
 *(.rel.got)

.rela.got
 *(.rela.got)

.rel.bss
 *(.rel.bss)

.rela.bss
 *(.rela.bss)

.rel.plt
 *(.rel.plt)

.rela.plt
 *(.rela.plt)

.text           0x0000000000000000      0x152
 *(.vectors)
 .vectors       0x0000000000000000       0xf4 C:/Program Files/Microchip/MPLABX/v5.45/packs/Microchip/AVR-Dx_DFP/1.6.88/xc8/avr/lib/avrxmega4/memx-const/crtavr128db48.o
                0x0000000000000000                __vector_default
                0x0000000000000000                __vectors
 *(.vectors)
 *(.progmem.gcc*)
 *(.dinit)
 .dinit         0x00000000000000f4        0x5 data_init
                0x00000000000000fa                . = ALIGN (0x2)
 *fill*         0x00000000000000f9        0x1 
                0x00000000000000fa                __trampolines_start = .
 *(.trampolines)
 .trampolines   0x00000000000000fa        0x0 linker stubs
 *(.trampolines*)
                0x00000000000000fa                __trampolines_end = .
 *libprintf_flt.a:*(.progmem.data)
 *libc.a:*(.progmem.data)
                0x00000000000000fa                . = ALIGN (0x2)
 *(.jumptables)
 *(.jumptables*)
 *(.lowtext)
 *(.lowtext*)
                0x00000000000000fa                __ctors_start = .
 *(.ctors)
                0x00000000000000fa                __ctors_end = .
                0x00000000000000fa                __dtors_start = .
 *(.dtors)
                0x00000000000000fa                __dtors_end = .
 SORT(*)(.ctors)
 SORT(*)(.dtors)
 *(.init0)
 .init0         0x00000000000000fa        0x0 C:/Program Files/Microchip/MPLABX/v5.45/packs/Microchip/AVR-Dx_DFP/1.6.88/xc8/avr/lib/avrxmega4/memx-const/crtavr128db48.o
                0x00000000000000fa                __init
 *(.init0)
 *(.init1)
 *(.init1)
 *(.init2)
 .init2         0x00000000000000fa        0xc C:/Program Files/Microchip/MPLABX/v5.45/packs/Microchip/AVR-Dx_DFP/1.6.88/xc8/avr/lib/avrxmega4/memx-const/crtavr128db48.o
 *(.init2)
 *(.init3)
 *(.init3)
 *(.init4)
 .init4         0x0000000000000106       0x40 c:/program files/microchip/xc8/v2.31/avr/bin/../lib/gcc/avr/5.4.0/avrxmega4/memx-const\libgcc.a(_copy_data.o)
                0x0000000000000106                __do_copy_data
                0x0000000000000138                __do_clear_bss
 *(.init4)
 *(.init5)
 *(.init5)
 *(.init6)
 *(.init6)
 *(.init7)
 *(.init7)
 *(.init8)
 *(.init8)
 *(.init9)
 .init9         0x0000000000000146        0x8 C:/Program Files/Microchip/MPLABX/v5.45/packs/Microchip/AVR-Dx_DFP/1.6.88/xc8/avr/lib/avrxmega4/memx-const/crtavr128db48.o
 *(.init9)
                0x000000000000014e                . = ALIGN (0x2)
 *(.fini9)
 .fini9         0x000000000000014e        0x0 c:/program files/microchip/xc8/v2.31/avr/bin/../lib/gcc/avr/5.4.0/avrxmega4/memx-const\libgcc.a(_exit.o)
                0x000000000000014e                _exit
                0x000000000000014e                exit
 *(.fini9)
 *(.fini8)
 *(.fini8)
 *(.fini7)
 *(.fini7)
 *(.fini6)
 *(.fini6)
 *(.fini5)
 *(.fini5)
 *(.fini4)
 *(.fini4)
 *(.fini3)
 *(.fini3)
 *(.fini2)
 *(.fini2)
 *(.fini1)
 *(.fini1)
 *(.fini0)
 .fini0         0x000000000000014e        0x4 c:/program files/microchip/xc8/v2.31/avr/bin/../lib/gcc/avr/5.4.0/avrxmega4/memx-const\libgcc.a(_exit.o)
 *(.fini0)
                0x0000000000000152                _etext = .

.data           0x0000000000804000        0x0 load address 0x0000000000000152
                [!provide]                        PROVIDE (__data_start, .)
 *(.gnu.linkonce.d*)
 *(.gnu.linkonce.r*)
                0x0000000000804000                . = ALIGN (0x2)
                0x0000000000804000                _edata = .
                [!provide]                        PROVIDE (__data_end, .)

.bss            0x0000000000804000        0x0
                [!provide]                        PROVIDE (__bss_start, .)
 *(COMMON)
                [!provide]                        PROVIDE (__bss_end, .)
                0x0000000000000152                __data_load_start = LOADADDR (.data)
                0x0000000000000152                __data_load_end = (__data_load_start + SIZEOF (.data))

.noinit         0x0000000000804000        0x0
                [!provide]                        PROVIDE (__noinit_start, .)
 *(.noinit*)
                [!provide]                        PROVIDE (__noinit_end, .)
                0x0000000000804000                _end = .

.eeprom         0x0000000000810000        0x0
 *(.eeprom*)
                0x0000000000810000                __eeprom_end = .

.fuse           0x0000000000820000        0x9
 *(.fuse)
 .fuse          0x0000000000820000        0x9 build/default/production/mcc_generated_files/device_config.o
                0x0000000000820000                __fuse
 *(.lfuse)
 *(.hfuse)
 *(.efuse)

.lock
 *(.lock*)

.signature
 *(.signature*)

.user_signatures
 *(.user_signatures*)

.stab
 *(.stab)

.stabstr
 *(.stabstr)

.stab.excl
 *(.stab.excl)

.stab.exclstr
 *(.stab.exclstr)

.stab.index
 *(.stab.index)

.stab.indexstr
 *(.stab.indexstr)

.comment        0x0000000000000000       0x2f
 *(.comment)
 .comment       0x0000000000000000       0x2f build/default/production/mcc_generated_files/src/vref.o
                                         0x30 (size before relaxing)
 .comment       0x000000000000002f       0x30 build/default/production/mcc_generated_files/src/cpuint.o
 .comment       0x000000000000002f       0x30 build/default/production/mcc_generated_files/src/ac0.o
 .comment       0x000000000000002f       0x30 build/default/production/mcc_generated_files/src/pin_manager.o
 .comment       0x000000000000002f       0x30 build/default/production/mcc_generated_files/src/tcd0.o
 .comment       0x000000000000002f       0x30 build/default/production/mcc_generated_files/src/opamp.o
 .comment       0x000000000000002f       0x30 build/default/production/mcc_generated_files/device_config.o
 .comment       0x000000000000002f       0x30 build/default/production/mcc_generated_files/mcc.o
 .comment       0x000000000000002f       0x30 build/default/production/main.o

.note.gnu.build-id
 *(.note.gnu.build-id)

.debug
 *(.debug)

.line
 *(.line)

.debug_srcinfo
 *(.debug_srcinfo)

.debug_sfnames
 *(.debug_sfnames)

.debug_aranges  0x0000000000000000      0x2a8
 *(.debug_aranges)
 .debug_aranges
                0x0000000000000000       0x20 build/default/production/mcc_generated_files/src/vref.o
 .debug_aranges
                0x0000000000000020       0x20 build/default/production/mcc_generated_files/src/cpuint.o
 .debug_aranges
                0x0000000000000040       0x20 build/default/production/mcc_generated_files/src/protected_io.o
 .debug_aranges
                0x0000000000000060       0x28 build/default/production/mcc_generated_files/src/ac0.o
 .debug_aranges
                0x0000000000000088       0xa0 build/default/production/mcc_generated_files/src/pin_manager.o
 .debug_aranges
                0x0000000000000128       0x40 build/default/production/mcc_generated_files/src/tcd0.o
 .debug_aranges
                0x0000000000000168       0x80 build/default/production/mcc_generated_files/src/opamp.o
 .debug_aranges
                0x00000000000001e8       0x18 build/default/production/mcc_generated_files/device_config.o
 .debug_aranges
                0x0000000000000200       0x48 build/default/production/mcc_generated_files/mcc.o
 .debug_aranges
                0x0000000000000248       0x60 build/default/production/main.o

.debug_pubnames
 *(.debug_pubnames)

.debug_info     0x0000000000000000     0x9400
 *(.debug_info .gnu.linkonce.wi.*)
 .debug_info    0x0000000000000000     0x2f7b C:/Program Files/Microchip/MPLABX/v5.45/packs/Microchip/AVR-Dx_DFP/1.6.88/xc8/avr/lib/avrxmega4/memx-const/crtavr128db48.o
 .debug_info    0x0000000000002f7b      0x386 build/default/production/mcc_generated_files/src/vref.o
 .debug_info    0x0000000000003301      0x415 build/default/production/mcc_generated_files/src/cpuint.o
 .debug_info    0x0000000000003716       0xc3 build/default/production/mcc_generated_files/src/protected_io.o
 .debug_info    0x00000000000037d9      0x3a9 build/default/production/mcc_generated_files/src/ac0.o
 .debug_info    0x0000000000003b82      0xc1f build/default/production/mcc_generated_files/src/pin_manager.o
 .debug_info    0x00000000000047a1      0x953 build/default/production/mcc_generated_files/src/tcd0.o
 .debug_info    0x00000000000050f4      0xc9c build/default/production/mcc_generated_files/src/opamp.o
 .debug_info    0x0000000000005d90      0x8c2 build/default/production/mcc_generated_files/device_config.o
 .debug_info    0x0000000000006652      0xaf4 build/default/production/mcc_generated_files/mcc.o
 .debug_info    0x0000000000007146     0x22ba build/default/production/main.o

.debug_abbrev   0x0000000000000000     0x3828
 *(.debug_abbrev)
 .debug_abbrev  0x0000000000000000     0x2cf8 C:/Program Files/Microchip/MPLABX/v5.45/packs/Microchip/AVR-Dx_DFP/1.6.88/xc8/avr/lib/avrxmega4/memx-const/crtavr128db48.o
 .debug_abbrev  0x0000000000002cf8       0x8c build/default/production/mcc_generated_files/src/vref.o
 .debug_abbrev  0x0000000000002d84       0xfa build/default/production/mcc_generated_files/src/cpuint.o
 .debug_abbrev  0x0000000000002e7e       0x14 build/default/production/mcc_generated_files/src/protected_io.o
 .debug_abbrev  0x0000000000002e92       0x97 build/default/production/mcc_generated_files/src/ac0.o
 .debug_abbrev  0x0000000000002f29      0x1c8 build/default/production/mcc_generated_files/src/pin_manager.o
 .debug_abbrev  0x00000000000030f1      0x1a5 build/default/production/mcc_generated_files/src/tcd0.o
 .debug_abbrev  0x0000000000003296      0x131 build/default/production/mcc_generated_files/src/opamp.o
 .debug_abbrev  0x00000000000033c7       0x97 build/default/production/mcc_generated_files/device_config.o
 .debug_abbrev  0x000000000000345e      0x169 build/default/production/mcc_generated_files/mcc.o
 .debug_abbrev  0x00000000000035c7      0x261 build/default/production/main.o

.debug_line     0x0000000000000000     0x1732
 *(.debug_line .debug_line.* .debug_line_end)
 .debug_line    0x0000000000000000      0x208 C:/Program Files/Microchip/MPLABX/v5.45/packs/Microchip/AVR-Dx_DFP/1.6.88/xc8/avr/lib/avrxmega4/memx-const/crtavr128db48.o
 .debug_line    0x0000000000000208      0x115 build/default/production/mcc_generated_files/src/vref.o
 .debug_line    0x000000000000031d      0x18d build/default/production/mcc_generated_files/src/cpuint.o
 .debug_line    0x00000000000004aa       0x6c build/default/production/mcc_generated_files/src/protected_io.o
 .debug_line    0x0000000000000516      0x13c build/default/production/mcc_generated_files/src/ac0.o
 .debug_line    0x0000000000000652      0x508 build/default/production/mcc_generated_files/src/pin_manager.o
 .debug_line    0x0000000000000b5a      0x28b build/default/production/mcc_generated_files/src/tcd0.o
 .debug_line    0x0000000000000de5      0x29c build/default/production/mcc_generated_files/src/opamp.o
 .debug_line    0x0000000000001081       0xf2 build/default/production/mcc_generated_files/device_config.o
 .debug_line    0x0000000000001173      0x286 build/default/production/mcc_generated_files/mcc.o
 .debug_line    0x00000000000013f9      0x339 build/default/production/main.o

.debug_frame    0x0000000000000000      0x544
 *(.debug_frame)
 .debug_frame   0x0000000000000000       0x24 build/default/production/mcc_generated_files/src/vref.o
 .debug_frame   0x0000000000000024       0x24 build/default/production/mcc_generated_files/src/cpuint.o
 .debug_frame   0x0000000000000048       0x44 build/default/production/mcc_generated_files/src/ac0.o
 .debug_frame   0x000000000000008c      0x180 build/default/production/mcc_generated_files/src/pin_manager.o
 .debug_frame   0x000000000000020c      0x100 build/default/production/mcc_generated_files/src/tcd0.o
 .debug_frame   0x000000000000030c       0xe4 build/default/production/mcc_generated_files/src/opamp.o
 .debug_frame   0x00000000000003f0       0x84 build/default/production/mcc_generated_files/mcc.o
 .debug_frame   0x0000000000000474       0xd0 build/default/production/main.o

.debug_str      0x0000000000000000     0x166b
 *(.debug_str)
 .debug_str     0x0000000000000000     0x151a C:/Program Files/Microchip/MPLABX/v5.45/packs/Microchip/AVR-Dx_DFP/1.6.88/xc8/avr/lib/avrxmega4/memx-const/crtavr128db48.o
 .debug_str     0x000000000000151a        0x0 build/default/production/mcc_generated_files/src/vref.o
 .debug_str     0x000000000000151a       0x13 build/default/production/mcc_generated_files/src/cpuint.o
 .debug_str     0x000000000000152d        0x0 build/default/production/mcc_generated_files/src/ac0.o
 .debug_str     0x000000000000152d       0x25 build/default/production/mcc_generated_files/src/pin_manager.o
 .debug_str     0x0000000000001552       0x13 build/default/production/mcc_generated_files/src/tcd0.o
 .debug_str     0x0000000000001565       0x1a build/default/production/mcc_generated_files/src/opamp.o
 .debug_str     0x000000000000157f        0x0 build/default/production/mcc_generated_files/device_config.o
 .debug_str     0x000000000000157f       0x92 build/default/production/mcc_generated_files/mcc.o
 .debug_str     0x0000000000001611       0x5a build/default/production/main.o

.debug_loc      0x0000000000000000      0x42a
 *(.debug_loc)
 .debug_loc     0x0000000000000000       0x2a build/default/production/mcc_generated_files/src/cpuint.o
 .debug_loc     0x000000000000002a       0x78 build/default/production/mcc_generated_files/src/pin_manager.o
 .debug_loc     0x00000000000000a2       0x2a build/default/production/mcc_generated_files/src/tcd0.o
 .debug_loc     0x00000000000000cc       0xc0 build/default/production/mcc_generated_files/src/opamp.o
 .debug_loc     0x000000000000018c      0x1c4 build/default/production/mcc_generated_files/mcc.o
 .debug_loc     0x0000000000000350       0xda build/default/production/main.o

.debug_macinfo
 *(.debug_macinfo)

.debug_weaknames
 *(.debug_weaknames)

.debug_funcnames
 *(.debug_funcnames)

.debug_typenames
 *(.debug_typenames)

.debug_varnames
 *(.debug_varnames)

.debug_pubtypes
 *(.debug_pubtypes)

.debug_ranges   0x0000000000000000      0x1f0
 *(.debug_ranges)
 .debug_ranges  0x0000000000000000       0x10 build/default/production/mcc_generated_files/src/vref.o
 .debug_ranges  0x0000000000000010       0x10 build/default/production/mcc_generated_files/src/cpuint.o
 .debug_ranges  0x0000000000000020       0x18 build/default/production/mcc_generated_files/src/ac0.o
 .debug_ranges  0x0000000000000038       0x90 build/default/production/mcc_generated_files/src/pin_manager.o
 .debug_ranges  0x00000000000000c8       0x30 build/default/production/mcc_generated_files/src/tcd0.o
 .debug_ranges  0x00000000000000f8       0x70 build/default/production/mcc_generated_files/src/opamp.o
 .debug_ranges  0x0000000000000168       0x38 build/default/production/mcc_generated_files/mcc.o
 .debug_ranges  0x00000000000001a0       0x50 build/default/production/main.o

.debug_macro
 *(.debug_macro)
OUTPUT(dist/default/production/current-spike-detection.X.production.elf elf32-avr)
LOAD linker stubs
LOAD data_init

.note.gnu.avr.deviceinfo
                0x0000000000000000       0x40
 .note.gnu.avr.deviceinfo
                0x0000000000000000       0x40 C:/Program Files/Microchip/MPLABX/v5.45/packs/Microchip/AVR-Dx_DFP/1.6.88/xc8/avr/lib/avrxmega4/memx-const/crtavr128db48.o

.bss.PORTB_BTN_InterruptHandler
                0x0000000000804000        0x2
 .bss.PORTB_BTN_InterruptHandler
                0x0000000000804000        0x2 build/default/production/mcc_generated_files/src/pin_manager.o

.bss.TCD0_OVF_isr_cb
                0x0000000000804002        0x2
 .bss.TCD0_OVF_isr_cb
                0x0000000000804002        0x2 build/default/production/mcc_generated_files/src/tcd0.o
                0x0000000000804002                TCD0_OVF_isr_cb

.bss.TCD0_TRIG_isr_cb
                0x0000000000804004        0x2
 .bss.TCD0_TRIG_isr_cb
                0x0000000000804004        0x2 build/default/production/mcc_generated_files/src/tcd0.o
                0x0000000000804004                TCD0_TRIG_isr_cb

.text.PIN_MANAGER_Initialize
                0x0000000000000152      0x158
 .text.PIN_MANAGER_Initialize
                0x0000000000000152      0x158 build/default/production/mcc_generated_files/src/pin_manager.o
                0x0000000000000152                PIN_MANAGER_Initialize

.text.ac_calibration
                0x00000000000002aa       0x80
 .text.ac_calibration
                0x00000000000002aa       0x80 build/default/production/main.o
                0x00000000000002aa                ac_calibration

.text.PORT_Initialize
                0x000000000000032a       0x6e
 .text.PORT_Initialize
                0x000000000000032a       0x6e build/default/production/mcc_generated_files/src/pin_manager.o
                0x000000000000032a                PORT_Initialize

.text.TCD0_Initialize
                0x0000000000000398       0x68
 .text.TCD0_Initialize
                0x0000000000000398       0x68 build/default/production/mcc_generated_files/src/tcd0.o
                0x0000000000000398                TCD0_Initialize

.text.CLKCTRL_Initialize
                0x0000000000000400       0x64
 .text.CLKCTRL_Initialize
                0x0000000000000400       0x64 build/default/production/mcc_generated_files/mcc.o
                0x0000000000000400                CLKCTRL_Initialize

.text.__vector_16
                0x0000000000000464       0x60
 .text.__vector_16
                0x0000000000000464       0x60 build/default/production/mcc_generated_files/src/tcd0.o
                0x0000000000000464                __vector_16

.text.__vector_17
                0x00000000000004c4       0x60
 .text.__vector_17
                0x00000000000004c4       0x60 build/default/production/mcc_generated_files/src/tcd0.o
                0x00000000000004c4                __vector_17

.text.__vector_45
                0x0000000000000524       0x5e
 .text.__vector_45
                0x0000000000000524       0x5e build/default/production/mcc_generated_files/src/pin_manager.o
                0x0000000000000524                __vector_45

.text.OPAMP_Initialize
                0x0000000000000582       0x3e
 .text.OPAMP_Initialize
                0x0000000000000582       0x3e build/default/production/mcc_generated_files/src/opamp.o
                0x0000000000000582                OPAMP_Initialize

.text.ccl_init  0x00000000000005c0       0x2c
 .text.ccl_init
                0x00000000000005c0       0x2c build/default/production/main.o
                0x00000000000005c0                ccl_init

.text.SYSTEM_Initialize
                0x00000000000005ec       0x2a
 .text.SYSTEM_Initialize
                0x00000000000005ec       0x2a build/default/production/mcc_generated_files/mcc.o
                0x00000000000005ec                SYSTEM_Initialize

.text.ac_calculate_trigger_voltage
                0x0000000000000616       0x2a
 .text.ac_calculate_trigger_voltage
                0x0000000000000616       0x2a build/default/production/main.o
                0x0000000000000616                ac_calculate_trigger_voltage

.text.__vector_25
                0x0000000000000640       0x1e
 .text.__vector_25
                0x0000000000000640       0x1e build/default/production/mcc_generated_files/src/ac0.o
                0x0000000000000640                __vector_25

.text.__vector_2
                0x000000000000065e       0x1e
 .text.__vector_2
                0x000000000000065e       0x1e build/default/production/mcc_generated_files/mcc.o
                0x000000000000065e                __vector_2

.text.CPUINT_Initialize
                0x000000000000067c       0x1a
 .text.CPUINT_Initialize
                0x000000000000067c       0x1a build/default/production/mcc_generated_files/src/cpuint.o
                0x000000000000067c                CPUINT_Initialize

.text.ac_trig_event_enable
                0x0000000000000696       0x1a
 .text.ac_trig_event_enable
                0x0000000000000696       0x1a build/default/production/main.o
                0x0000000000000696                ac_trig_event_enable

.text.AC0_Initialize
                0x00000000000006b0       0x18
 .text.AC0_Initialize
                0x00000000000006b0       0x18 build/default/production/mcc_generated_files/src/ac0.o
                0x00000000000006b0                AC0_Initialize

.text.BOD_Initialize
                0x00000000000006c8       0x18
 .text.BOD_Initialize
                0x00000000000006c8       0x18 build/default/production/mcc_generated_files/mcc.o
                0x00000000000006c8                BOD_Initialize

.text.main      0x00000000000006e0       0x18
 .text.main     0x00000000000006e0       0x18 build/default/production/main.o
                0x00000000000006e0                main

.text.ac_trig_event_disable
                0x00000000000006f8       0x14
 .text.ac_trig_event_disable
                0x00000000000006f8       0x14 build/default/production/main.o
                0x00000000000006f8                ac_trig_event_disable

.text.tcd_enable
                0x000000000000070c       0x12
 .text.tcd_enable
                0x000000000000070c       0x12 build/default/production/main.o
                0x000000000000070c                tcd_enable

.text.fan_start
                0x000000000000071e       0x12
 .text.fan_start
                0x000000000000071e       0x12 build/default/production/main.o
                0x000000000000071e                fan_start

.text.VREF_Initialize
                0x0000000000000730       0x10
 .text.VREF_Initialize
                0x0000000000000730       0x10 build/default/production/mcc_generated_files/src/vref.o
                0x0000000000000730                VREF_Initialize

.text.SLPCTRL_Initialize
                0x0000000000000740       0x10
 .text.SLPCTRL_Initialize
                0x0000000000000740       0x10 build/default/production/mcc_generated_files/mcc.o
                0x0000000000000740                SLPCTRL_Initialize

.text.WDT_Initialize
                0x0000000000000750       0x10
 .text.WDT_Initialize
                0x0000000000000750       0x10 build/default/production/mcc_generated_files/mcc.o
                0x0000000000000750                WDT_Initialize

.text.OPAMP_EnableSystem
                0x0000000000000760        0xc
 .text.OPAMP_EnableSystem
                0x0000000000000760        0xc build/default/production/mcc_generated_files/src/opamp.o
                0x0000000000000760                OPAMP_EnableSystem

.text.OPAMP_DisableSystem
                0x000000000000076c        0xc
 .text.OPAMP_DisableSystem
                0x000000000000076c        0xc build/default/production/mcc_generated_files/src/opamp.o
                0x000000000000076c                OPAMP_DisableSystem

.text.protected_write_io
                0x0000000000000778        0xa
 .text.protected_write_io
                0x0000000000000778        0xa build/default/production/mcc_generated_files/src/protected_io.o
                0x0000000000000778                protected_write_io

.text.PORTB_BTN_SetInterruptHandler
                0x0000000000000782        0xa
 .text.PORTB_BTN_SetInterruptHandler
                0x0000000000000782        0xa build/default/production/mcc_generated_files/src/pin_manager.o
                0x0000000000000782                PORTB_BTN_SetInterruptHandler

.text.BTN_interrupt
                0x000000000000078c        0x6
 .text.BTN_interrupt
                0x000000000000078c        0x6 build/default/production/main.o
                0x000000000000078c                BTN_interrupt

.text           0x0000000000000792        0x4
 .text          0x0000000000000792        0x4 C:/Program Files/Microchip/MPLABX/v5.45/packs/Microchip/AVR-Dx_DFP/1.6.88/xc8/avr/lib/avrxmega4/memx-const/crtavr128db48.o
                0x0000000000000792                __vector_38
                0x0000000000000792                __vector_22
                0x0000000000000792                __vector_28
                0x0000000000000792                __vector_1
                0x0000000000000792                __vector_32
                0x0000000000000792                __vector_34
                0x0000000000000792                __vector_24
                0x0000000000000792                __vector_12
                0x0000000000000792                __vector_55
                0x0000000000000792                __vector_46
                0x0000000000000792                __bad_interrupt
                0x0000000000000792                __vector_6
                0x0000000000000792                __vector_31
                0x0000000000000792                __vector_35
                0x0000000000000792                __vector_39
                0x0000000000000792                __vector_3
                0x0000000000000792                __vector_23
                0x0000000000000792                __vector_30
                0x0000000000000792                __vector_11
                0x0000000000000792                __vector_54
                0x0000000000000792                __vector_13
                0x0000000000000792                __vector_19
                0x0000000000000792                __vector_56
                0x0000000000000792                __vector_7
                0x0000000000000792                __vector_49
                0x0000000000000792                __vector_41
                0x0000000000000792                __vector_43
                0x0000000000000792                __vector_27
                0x0000000000000792                __vector_5
                0x0000000000000792                __vector_33
                0x0000000000000792                __vector_47
                0x0000000000000792                __vector_52
                0x0000000000000792                __vector_37
                0x0000000000000792                __vector_4
                0x0000000000000792                __vector_44
                0x0000000000000792                __vector_51
                0x0000000000000792                __vector_9
                0x0000000000000792                __vector_21
                0x0000000000000792                __vector_15
                0x0000000000000792                __vector_36
                0x0000000000000792                __vector_58
                0x0000000000000792                __vector_29
                0x0000000000000792                __vector_60
                0x0000000000000792                __vector_40
                0x0000000000000792                __vector_8
                0x0000000000000792                __vector_26
                0x0000000000000792                __vector_48
                0x0000000000000792                __vector_14
                0x0000000000000792                __vector_57
                0x0000000000000792                __vector_53
                0x0000000000000792                __vector_10
                0x0000000000000792                __vector_50
                0x0000000000000792                __vector_59
                0x0000000000000792                __vector_18
                0x0000000000000792                __vector_20
                0x0000000000000792                __vector_42

.text.PORTB_BTN_DefaultInterruptHandler
                0x0000000000000796        0x2
 .text.PORTB_BTN_DefaultInterruptHandler
                0x0000000000000796        0x2 build/default/production/mcc_generated_files/src/pin_manager.o
                0x0000000000000796                PORTB_BTN_DefaultInterruptHandler
